Archive member included to satisfy reference by file (symbol)

/Applications/STM32CubeIDE.app/Contents/Eclipse/plugins/com.st.stm32cube.ide.mcu.externaltools.gnu-tools-for-stm32.13.3.rel1.macos64_1.0.0.202411102158/tools/bin/../lib/gcc/arm-none-eabi/13.3.1/../../../../arm-none-eabi/lib/thumb/v8-m.main+fp/hard/libc_nano.a(libc_a-exit.o)
                              /Applications/STM32CubeIDE.app/Contents/Eclipse/plugins/com.st.stm32cube.ide.mcu.externaltools.gnu-tools-for-stm32.13.3.rel1.macos64_1.0.0.202411102158/tools/bin/../lib/gcc/arm-none-eabi/13.3.1/../../../../arm-none-eabi/lib/thumb/v8-m.main+fp/hard/crt0.o (exit)
/Applications/STM32CubeIDE.app/Contents/Eclipse/plugins/com.st.stm32cube.ide.mcu.externaltools.gnu-tools-for-stm32.13.3.rel1.macos64_1.0.0.202411102158/tools/bin/../lib/gcc/arm-none-eabi/13.3.1/../../../../arm-none-eabi/lib/thumb/v8-m.main+fp/hard/libc_nano.a(libc_a-findfp.o)
                              /Applications/STM32CubeIDE.app/Contents/Eclipse/plugins/com.st.stm32cube.ide.mcu.externaltools.gnu-tools-for-stm32.13.3.rel1.macos64_1.0.0.202411102158/tools/bin/../lib/gcc/arm-none-eabi/13.3.1/../../../../arm-none-eabi/lib/thumb/v8-m.main+fp/hard/libc_nano.a(libc_a-exit.o) (__stdio_exit_handler)
/Applications/STM32CubeIDE.app/Contents/Eclipse/plugins/com.st.stm32cube.ide.mcu.externaltools.gnu-tools-for-stm32.13.3.rel1.macos64_1.0.0.202411102158/tools/bin/../lib/gcc/arm-none-eabi/13.3.1/../../../../arm-none-eabi/lib/thumb/v8-m.main+fp/hard/libc_nano.a(libc_a-fwalk.o)
                              /Applications/STM32CubeIDE.app/Contents/Eclipse/plugins/com.st.stm32cube.ide.mcu.externaltools.gnu-tools-for-stm32.13.3.rel1.macos64_1.0.0.202411102158/tools/bin/../lib/gcc/arm-none-eabi/13.3.1/../../../../arm-none-eabi/lib/thumb/v8-m.main+fp/hard/libc_nano.a(libc_a-findfp.o) (_fwalk_sglue)
/Applications/STM32CubeIDE.app/Contents/Eclipse/plugins/com.st.stm32cube.ide.mcu.externaltools.gnu-tools-for-stm32.13.3.rel1.macos64_1.0.0.202411102158/tools/bin/../lib/gcc/arm-none-eabi/13.3.1/../../../../arm-none-eabi/lib/thumb/v8-m.main+fp/hard/libc_nano.a(libc_a-memset.o)
                              /Applications/STM32CubeIDE.app/Contents/Eclipse/plugins/com.st.stm32cube.ide.mcu.externaltools.gnu-tools-for-stm32.13.3.rel1.macos64_1.0.0.202411102158/tools/bin/../lib/gcc/arm-none-eabi/13.3.1/../../../../arm-none-eabi/lib/thumb/v8-m.main+fp/hard/crt0.o (memset)
/Applications/STM32CubeIDE.app/Contents/Eclipse/plugins/com.st.stm32cube.ide.mcu.externaltools.gnu-tools-for-stm32.13.3.rel1.macos64_1.0.0.202411102158/tools/bin/../lib/gcc/arm-none-eabi/13.3.1/../../../../arm-none-eabi/lib/thumb/v8-m.main+fp/hard/libc_nano.a(libc_a-errno.o)
                              ./Src/syscalls.o (__errno)
/Applications/STM32CubeIDE.app/Contents/Eclipse/plugins/com.st.stm32cube.ide.mcu.externaltools.gnu-tools-for-stm32.13.3.rel1.macos64_1.0.0.202411102158/tools/bin/../lib/gcc/arm-none-eabi/13.3.1/../../../../arm-none-eabi/lib/thumb/v8-m.main+fp/hard/libc_nano.a(libc_a-init.o)
                              /Applications/STM32CubeIDE.app/Contents/Eclipse/plugins/com.st.stm32cube.ide.mcu.externaltools.gnu-tools-for-stm32.13.3.rel1.macos64_1.0.0.202411102158/tools/bin/../lib/gcc/arm-none-eabi/13.3.1/../../../../arm-none-eabi/lib/thumb/v8-m.main+fp/hard/crt0.o (__libc_init_array)
/Applications/STM32CubeIDE.app/Contents/Eclipse/plugins/com.st.stm32cube.ide.mcu.externaltools.gnu-tools-for-stm32.13.3.rel1.macos64_1.0.0.202411102158/tools/bin/../lib/gcc/arm-none-eabi/13.3.1/../../../../arm-none-eabi/lib/thumb/v8-m.main+fp/hard/libc_nano.a(libc_a-lock.o)
                              /Applications/STM32CubeIDE.app/Contents/Eclipse/plugins/com.st.stm32cube.ide.mcu.externaltools.gnu-tools-for-stm32.13.3.rel1.macos64_1.0.0.202411102158/tools/bin/../lib/gcc/arm-none-eabi/13.3.1/../../../../arm-none-eabi/lib/thumb/v8-m.main+fp/hard/libc_nano.a(libc_a-findfp.o) (__retarget_lock_init_recursive)
/Applications/STM32CubeIDE.app/Contents/Eclipse/plugins/com.st.stm32cube.ide.mcu.externaltools.gnu-tools-for-stm32.13.3.rel1.macos64_1.0.0.202411102158/tools/bin/../lib/gcc/arm-none-eabi/13.3.1/../../../../arm-none-eabi/lib/thumb/v8-m.main+fp/hard/libc_nano.a(libc_a-impure.o)
                              /Applications/STM32CubeIDE.app/Contents/Eclipse/plugins/com.st.stm32cube.ide.mcu.externaltools.gnu-tools-for-stm32.13.3.rel1.macos64_1.0.0.202411102158/tools/bin/../lib/gcc/arm-none-eabi/13.3.1/../../../../arm-none-eabi/lib/thumb/v8-m.main+fp/hard/libc_nano.a(libc_a-errno.o) (_impure_ptr)
/Applications/STM32CubeIDE.app/Contents/Eclipse/plugins/com.st.stm32cube.ide.mcu.externaltools.gnu-tools-for-stm32.13.3.rel1.macos64_1.0.0.202411102158/tools/bin/../lib/gcc/arm-none-eabi/13.3.1/../../../../arm-none-eabi/lib/thumb/v8-m.main+fp/hard/libc_nano.a(libc_a-strcmp.o)
                              ./Src/main.o (strcmp)
[...]
Memory Configuration

Name             Origin             Length             Attributes
RAM              0x20000000         0x00030000         xrw
RAM2             0x20030000         0x00010000         xrw
FLASH            0x08000000         0x00080000         xr
*default*        0x00000000         0xffffffff

Linker script and memory map

LOAD /Applications/STM32CubeIDE.app/Contents/Eclipse/plugins/com.st.stm32cube.ide.mcu.externaltools.gnu-tools-for-stm32.13.3.rel1.macos64_1.0.0.202411102158/tools/bin/../lib/gcc/arm-none-eabi/13.3.1/thumb/v8-m.main+fp/hard/crti.o
LOAD /Applications/STM32CubeIDE.app/Contents/Eclipse/plugins/com.st.stm32cube.ide.mcu.externaltools.gnu-tools-for-stm32.13.3.rel1.macos64_1.0.0.202411102158/tools/bin/../lib/gcc/arm-none-eabi/13.3.1/thumb/v8-m.main+fp/hard/crtbegin.o
LOAD /Applications/STM32CubeIDE.app/Contents/Eclipse/plugins/com.st.stm32cube.ide.mcu.externaltools.gnu-tools-for-stm32.13.3.rel1.macos64_1.0.0.202411102158/tools/bin/../lib/gcc/arm-none-eabi/13.3.1/../../../../arm-none-eabi/lib/thumb/v8-m.main+fp/hard/crt0.o
LOAD ./Src/main.o
LOAD ./Src/syscalls.o
LOAD ./Src/sysmem.o
LOAD ./Startup/startup_stm32l552zetxq.o
START GROUP
LOAD /Applications/STM32CubeIDE.app/Contents/Eclipse/plugins/com.st.stm32cube.ide.mcu.externaltools.gnu-tools-for-stm32.13.3.rel1.macos64_1.0.0.202411102158/tools/bin/../lib/gcc/arm-none-eabi/13.3.1/../../../../arm-none-eabi/lib/thumb/v8-m.main+fp/hard/libc_nano.a
LOAD /Applications/STM32CubeIDE.app/Contents/Eclipse/plugins/com.st.stm32cube.ide.mcu.externaltools.gnu-tools-for-stm32.13.3.rel1.macos64_1.0.0.202411102158/tools/bin/../lib/gcc/arm-none-eabi/13.3.1/../../../../arm-none-eabi/lib/thumb/v8-m.main+fp/hard/libm.a
END GROUP
START GROUP
LOAD /Applications/STM32CubeIDE.app/Contents/Eclipse/plugins/com.st.stm32cube.ide.mcu.externaltools.gnu-tools-for-stm32.13.3.rel1.macos64_1.0.0.202411102158/tools/bin/../lib/gcc/arm-none-eabi/13.3.1/thumb/v8-m.main+fp/hard/libgcc.a
LOAD /Applications/STM32CubeIDE.app/Contents/Eclipse/plugins/com.st.stm32cube.ide.mcu.externaltools.gnu-tools-for-stm32.13.3.rel1.macos64_1.0.0.202411102158/tools/bin/../lib/gcc/arm-none-eabi/13.3.1/../../../../arm-none-eabi/lib/thumb/v8-m.main+fp/hard/libc_nano.a
END GROUP
START GROUP
LOAD /Applications/STM32CubeIDE.app/Contents/Eclipse/plugins/com.st.stm32cube.ide.mcu.externaltools.gnu-tools-for-stm32.13.3.rel1.macos64_1.0.0.202411102158/tools/bin/../lib/gcc/arm-none-eabi/13.3.1/thumb/v8-m.main+fp/hard/libgcc.a
LOAD /Applications/STM32CubeIDE.app/Contents/Eclipse/plugins/com.st.stm32cube.ide.mcu.externaltools.gnu-tools-for-stm32.13.3.rel1.macos64_1.0.0.202411102158/tools/bin/../lib/gcc/arm-none-eabi/13.3.1/../../../../arm-none-eabi/lib/thumb/v8-m.main+fp/hard/libc_nano.a
LOAD /Applications/STM32CubeIDE.app/Contents/Eclipse/plugins/com.st.stm32cube.ide.mcu.externaltools.gnu-tools-for-stm32.13.3.rel1.macos64_1.0.0.202411102158/tools/bin/../lib/gcc/arm-none-eabi/13.3.1/../../../../arm-none-eabi/lib/thumb/v8-m.main+fp/hard/libnosys.a
END GROUP
START GROUP
LOAD /Applications/STM32CubeIDE.app/Contents/Eclipse/plugins/com.st.stm32cube.ide.mcu.externaltools.gnu-tools-for-stm32.13.3.rel1.macos64_1.0.0.202411102158/tools/bin/../lib/gcc/arm-none-eabi/13.3.1/thumb/v8-m.main+fp/hard/libgcc.a
LOAD /Applications/STM32CubeIDE.app/Contents/Eclipse/plugins/com.st.stm32cube.ide.mcu.externaltools.gnu-tools-for-stm32.13.3.rel1.macos64_1.0.0.202411102158/tools/bin/../lib/gcc/arm-none-eabi/13.3.1/../../../../arm-none-eabi/lib/thumb/v8-m.main+fp/hard/libc_nano.a
LOAD /Applications/STM32CubeIDE.app/Contents/Eclipse/plugins/com.st.stm32cube.ide.mcu.externaltools.gnu-tools-for-stm32.13.3.rel1.macos64_1.0.0.202411102158/tools/bin/../lib/gcc/arm-none-eabi/13.3.1/../../../../arm-none-eabi/lib/thumb/v8-m.main+fp/hard/libnosys.a
END GROUP
LOAD /Applications/STM32CubeIDE.app/Contents/Eclipse/plugins/com.st.stm32cube.ide.mcu.externaltools.gnu-tools-for-stm32.13.3.rel1.macos64_1.0.0.202411102158/tools/bin/../lib/gcc/arm-none-eabi/13.3.1/thumb/v8-m.main+fp/hard/crtend.o
LOAD /Applications/STM32CubeIDE.app/Contents/Eclipse/plugins/com.st.stm32cube.ide.mcu.externaltools.gnu-tools-for-stm32.13.3.rel1.macos64_1.0.0.202411102158/tools/bin/../lib/gcc/arm-none-eabi/13.3.1/thumb/v8-m.main+fp/hard/crtn.o
                0x20030000                        _estack = (ORIGIN (RAM) + LENGTH (RAM))
                0x00000200                        _Min_Heap_Size = 0x200
                0x00000400                        _Min_Stack_Size = 0x400

.isr_vector     0x08000000      0x1f0
                0x08000000                        . = ALIGN (0x4)
 *(.isr_vector)
 .isr_vector    0x08000000      0x1f0 ./Startup/startup_stm32l552zetxq.o
                0x08000000                g_pfnVectors
                0x080001f0                        . = ALIGN (0x4)

.text           0x080001f0      0xbc0
                0x080001f0                        . = ALIGN (0x4)
 *(.text)
 .text          0x080001f0       0x40 /Applications/STM32CubeIDE.app/Contents/Eclipse/plugins/com.st.stm32cube.ide.mcu.externaltools.gnu-tools-for-stm32.13.3.rel1.macos64_1.0.0.202411102158/tools/bin/../lib/gcc/arm-none-eabi/13.3.1/thumb/v8-m.main+fp/hard/crtbegin.o
 .text          0x08000230       0x14 /Applications/STM32CubeIDE.app/Contents/Eclipse/plugins/com.st.stm32cube.ide.mcu.externaltools.gnu-tools-for-stm32.13.3.rel1.macos64_1.0.0.202411102158/tools/bin/../lib/gcc/arm-none-eabi/13.3.1/../../../../arm-none-eabi/lib/thumb/v8-m.main+fp/hard/libc_nano.a(libc_a-strcmp.o)
                0x08000230                strcmp
 *(.text*)
 .text.init_TIM6_for_1ms
                0x08000244       0x50 ./Src/main.o
                0x08000244                init_TIM6_for_1ms
 .text.init_PI2_Timer
                0x08000294       0xc8 ./Src/main.o
                0x08000294                init_PI2_Timer
 .text.init_PI3_Timer
                0x0800035c       0x44 ./Src/main.o
                0x0800035c                init_PI3_Timer
 .text.init_buzzer_timer
                0x080003a0       0x80 ./Src/main.o
                0x080003a0                init_buzzer_timer
 .text.init_buzzer_gpio
                0x08000420       0x48 ./Src/main.o
                0x08000420                init_buzzer_gpio
 .text.init_keypad
                0x08000468       0x84 ./Src/main.o
                0x08000468                init_keypad
 .text.init_rgb_led
                0x080004ec       0x64 ./Src/main.o
                0x080004ec                init_rgb_led
 .text.init_accelerometer
                0x08000550        0xe ./Src/main.o
                0x08000550                init_accelerometer
 *fill*         0x0800055e        0x2 
 .text.init_vibration_sensor
                0x08000560       0x64 ./Src/main.o
                0x08000560                init_vibration_sensor
 .text.init_buzzer
                0x080005c4       0x10 ./Src/main.o
                0x080005c4                init_buzzer
 .text.init_bluetooth_module
                0x080005d4        0xe ./Src/main.o
                0x080005d4                init_bluetooth_module
 *fill*         0x080005e2        0x2 
 .text.read_accelerometer_adc
                0x080005e4       0x28 ./Src/main.o
                0x080005e4                read_accelerometer_adc
 .text.set_buzzer_state
                0x0800060c       0x44 ./Src/main.o
                0x0800060c                set_buzzer_state
 .text.check_bluetooth_commands
                0x08000650        0xe ./Src/main.o
                0x08000650                check_bluetooth_commands
 *fill*         0x0800065e        0x2 
 .text.add_acceleration_to_window
                0x08000660       0x28 ./Src/main.o
                0x08000660                add_acceleration_to_window
 .text.compute_acceleration_pattern
                0x08000688       0x18 ./Src/main.o
                0x08000688                compute_acceleration_pattern
 .text.compute_vibration_irregularity
                0x080006a0       0xc8 ./Src/main.o
                0x080006a0                compute_vibration_irregularity
 .text.update_system_leds
                0x08000768       0x6c ./Src/main.o
                0x08000768                update_system_leds
 .text.set_monitoring_led_state
                0x080007d4       0x38 ./Src/main.o
                0x080007d4                set_monitoring_led_state
 .text.read_keypad_input
                0x0800080c       0xe8 ./Src/main.o
                0x0800080c                read_keypad_input
 .text.process_keypad_input_with_password
                0x080008f4      0x100 ./Src/main.o
                0x080008f4                process_keypad_input_with_password
 .text.delay_ms
                0x080009f4       0x48 ./Src/main.o
                0x080009f4                delay_ms
 .text.update_alarm_logic
                0x08000a3c       0xc8 ./Src/main.o
                0x08000a3c                update_alarm_logic
 .text.TIM15_IRQHandler
                0x08000b04      0x194 ./Src/main.o
                0x08000b04                TIM15_IRQHandler
 .text.main     0x08000c98       0x64 ./Src/main.o
                0x08000c98                main
 .text.Reset_Handler
                0x08000cfc       0x50 ./Startup/startup_stm32l552zetxq.o
                0x08000cfc                Reset_Handler
 .text.Default_Handler
                0x08000d4c        0x2 ./Startup/startup_stm32l552zetxq.o
                0x08000d4c                HASH_IRQHandler
                0x08000d4c                TIM8_TRG_COM_IRQHandler
                0x08000d4c                TIM8_CC_IRQHandler
                0x08000d4c                EXTI5_IRQHandler
                0x08000d4c                DMA2_CH8_IRQHandler
                0x08000d4c                DebugMon_Handler
                0x08000d4c                FLASH_S_IRQHandler
                0x08000d4c                EXTI13_IRQHandler
                0x08000d4c                TIM1_CC_IRQHandler
                0x08000d4c                TSC_IRQHandler
                0x08000d4c                HardFault_Handler
                0x08000d4c                TAMP_IRQHandler
                0x08000d4c                TIM6_IRQHandler
                0x08000d4c                EXTI12_IRQHandler
                0x08000d4c                SysTick_Handler
                0x08000d4c                PendSV_Handler
                0x08000d4c                NMI_Handler
                0x08000d4c                EXTI3_IRQHandler
                0x08000d4c                EXTI8_IRQHandler
                0x08000d4c                LPTIM2_IRQHandler
                0x08000d4c                DFSDM1_FLT1_IRQHandler
                0x08000d4c                USB_FS_IRQHandler
                0x08000d4c                I2C3_ER_IRQHandler
                0x08000d4c                DFSDM1_FLT2_IRQHandler
                0x08000d4c                LPTIM3_IRQHandler
                0x08000d4c                EXTI0_IRQHandler
                0x08000d4c                I2C2_EV_IRQHandler
                0x08000d4c                DMA2_CH1_IRQHandler
                0x08000d4c                FDCAN1_IT1_IRQHandler
                0x08000d4c                DMA2_CH7_IRQHandler
                0x08000d4c                UsageFault_Handler
                0x08000d4c                ADC1_2_IRQHandler
                0x08000d4c                SPI1_IRQHandler
                0x08000d4c                OCTOSPI1_IRQHandler
                0x08000d4c                TIM8_UP_IRQHandler
                0x08000d4c                RCC_S_IRQHandler
                0x08000d4c                DMA1_Channel4_IRQHandler
                0x08000d4c                SAI2_IRQHandler
                0x08000d4c                DFSDM1_FLT3_IRQHandler
                0x08000d4c                EXTI15_IRQHandler
                0x08000d4c                TIM17_IRQHandler
                0x08000d4c                USART3_IRQHandler
                0x08000d4c                RTC_IRQHandler
                0x08000d4c                EXTI9_IRQHandler
                0x08000d4c                DMA1_Channel7_IRQHandler
                0x08000d4c                UART5_IRQHandler
                0x08000d4c                TIM4_IRQHandler
                0x08000d4c                I2C1_EV_IRQHandler
                0x08000d4c                DMA2_CH5_IRQHandler
                0x08000d4c                DMAMUX1_OVR_IRQHandler
                0x08000d4c                DMA1_Channel6_IRQHandler
                0x08000d4c                TIM16_IRQHandler
                0x08000d4c                UART4_IRQHandler
                0x08000d4c                SecureFault_Handler
                0x08000d4c                TIM3_IRQHandler
                0x08000d4c                RCC_IRQHandler
                0x08000d4c                TIM1_TRG_COM_IRQHandler
                0x08000d4c                DMA1_Channel1_IRQHandler
                0x08000d4c                Default_Handler
                0x08000d4c                DMAMUX1_OVR_S_IRQHandler
                0x08000d4c                DMA1_Channel8_IRQHandler
                0x08000d4c                TIM7_IRQHandler
                0x08000d4c                SDMMC1_IRQHandler
                0x08000d4c                TIM5_IRQHandler
                0x08000d4c                UCPD1_IRQHandler
                0x08000d4c                I2C3_EV_IRQHandler
                0x08000d4c                PVD_PVM_IRQHandler
                0x08000d4c                SPI2_IRQHandler
                0x08000d4c                MemManage_Handler
                0x08000d4c                EXTI14_IRQHandler
                0x08000d4c                EXTI11_IRQHandler
                0x08000d4c                SVC_Handler
                0x08000d4c                CRS_IRQHandler
                0x08000d4c                DMA1_Channel5_IRQHandler
                0x08000d4c                EXTI4_IRQHandler
                0x08000d4c                RTC_S_IRQHandler
                0x08000d4c                RNG_IRQHandler
                0x08000d4c                DMA1_Channel3_IRQHandler
                0x08000d4c                COMP_IRQHandler
                0x08000d4c                TIM1_UP_IRQHandler
                0x08000d4c                WWDG_IRQHandler
                0x08000d4c                I2C4_EV_IRQHandler
                0x08000d4c                LPUART1_IRQHandler
                0x08000d4c                FDCAN1_IT0_IRQHandler
                0x08000d4c                TIM2_IRQHandler
                0x08000d4c                TAMP_S_IRQHandler
                0x08000d4c                EXTI7_IRQHandler
                0x08000d4c                TIM1_BRK_IRQHandler
                0x08000d4c                DAC_IRQHandler
                0x08000d4c                EXTI1_IRQHandler
                0x08000d4c                GTZC_IRQHandler
                0x08000d4c                USART2_IRQHandler
                0x08000d4c                DFSDM1_FLT0_IRQHandler
                0x08000d4c                I2C2_ER_IRQHandler
                0x08000d4c                DMA1_Channel2_IRQHandler
                0x08000d4c                TIM8_BRK_IRQHandler
                0x08000d4c                FLASH_IRQHandler
                0x08000d4c                BusFault_Handler
                0x08000d4c                USART1_IRQHandler
                0x08000d4c                EXTI10_IRQHandler
                0x08000d4c                SPI3_IRQHandler
                0x08000d4c                DMA2_CH6_IRQHandler
                0x08000d4c                DMA2_CH3_IRQHandler
                0x08000d4c                DMA2_CH2_IRQHandler
                0x08000d4c                I2C1_ER_IRQHandler
                0x08000d4c                FMC_IRQHandler
                0x08000d4c                DMA2_CH4_IRQHandler
                0x08000d4c                EXTI6_IRQHandler
                0x08000d4c                LPTIM1_IRQHandler
                0x08000d4c                I2C4_ER_IRQHandler
                0x08000d4c                ICACHE_IRQHandler
                0x08000d4c                SAI1_IRQHandler
                0x08000d4c                EXTI2_IRQHandler
 *fill*         0x08000d4e        0x2 
 .text.__libc_init_array
                0x08000d50       0x48 /Applications/STM32CubeIDE.app/Contents/Eclipse/plugins/com.st.stm32cube.ide.mcu.externaltools.gnu-tools-for-stm32.13.3.rel1.macos64_1.0.0.202411102158/tools/bin/../lib/gcc/arm-none-eabi/13.3.1/../../../../arm-none-eabi/lib/thumb/v8-m.main+fp/hard/libc_nano.a(libc_a-init.o)
                0x08000d50                __libc_init_array
 *(.glue_7)
 .glue_7        0x08000d98        0x0 linker stubs
 *(.glue_7t)
 .glue_7t       0x08000d98        0x0 linker stubs
 *(.eh_frame)
 .eh_frame      0x08000d98        0x0 /Applications/STM32CubeIDE.app/Contents/Eclipse/plugins/com.st.stm32cube.ide.mcu.externaltools.gnu-tools-for-stm32.13.3.rel1.macos64_1.0.0.202411102158/tools/bin/../lib/gcc/arm-none-eabi/13.3.1/thumb/v8-m.main+fp/hard/crtbegin.o
 *(.init)
 .init          0x08000d98        0x4 /Applications/STM32CubeIDE.app/Contents/Eclipse/plugins/com.st.stm32cube.ide.mcu.externaltools.gnu-tools-for-stm32.13.3.rel1.macos64_1.0.0.202411102158/tools/bin/../lib/gcc/arm-none-eabi/13.3.1/thumb/v8-m.main+fp/hard/crti.o
                0x08000d98                _init
 .init          0x08000d9c        0x8 /Applications/STM32CubeIDE.app/Contents/Eclipse/plugins/com.st.stm32cube.ide.mcu.externaltools.gnu-tools-for-stm32.13.3.rel1.macos64_1.0.0.202411102158/tools/bin/../lib/gcc/arm-none-eabi/13.3.1/thumb/v8-m.main+fp/hard/crtn.o
 *(.fini)
 .fini          0x08000da4        0x4 /Applications/STM32CubeIDE.app/Contents/Eclipse/plugins/com.st.stm32cube.ide.mcu.externaltools.gnu-tools-for-stm32.13.3.rel1.macos64_1.0.0.202411102158/tools/bin/../lib/gcc/arm-none-eabi/13.3.1/thumb/v8-m.main+fp/hard/crti.o
                0x08000da4                _fini
 .fini          0x08000da8        0x8 /Applications/STM32CubeIDE.app/Contents/Eclipse/plugins/com.st.stm32cube.ide.mcu.externaltools.gnu-tools-for-stm32.13.3.rel1.macos64_1.0.0.202411102158/tools/bin/../lib/gcc/arm-none-eabi/13.3.1/thumb/v8-m.main+fp/hard/crtn.o
                0x08000db0                        . = ALIGN (0x4)
                0x08000db0                        _etext = .

.vfp11_veneer   0x08000db0        0x0
 .vfp11_veneer  0x08000db0        0x0 linker stubs

.v4_bx          0x08000db0        0x0
 .v4_bx         0x08000db0        0x0 linker stubs

.iplt           0x08000db0        0x0
 .iplt          0x08000db0        0x0 /Applications/STM32CubeIDE.app/Contents/Eclipse/plugins/com.st.stm32cube.ide.mcu.externaltools.gnu-tools-for-stm32.13.3.rel1.macos64_1.0.0.202411102158/tools/bin/../lib/gcc/arm-none-eabi/13.3.1/thumb/v8-m.main+fp/hard/crtbegin.o

.rodata         0x08000db0       0x24
                0x08000db0                        . = ALIGN (0x4)
 *(.rodata)
 .rodata        0x08000db0        0x5 ./Src/main.o
 *(.rodata*)
 *fill*         0x08000db5        0x3 
 .rodata.g_keymap
                0x08000db8        0xc ./Src/main.o
                0x08000db8                g_keymap
 .rodata.g_col_pins
                0x08000dc4        0x6 ./Src/main.o
                0x08000dc4                g_col_pins
 *fill*         0x08000dca        0x2 
 .rodata.g_row_pins
                0x08000dcc        0x8 ./Src/main.o
                0x08000dcc                g_row_pins
                0x08000dd4                        . = ALIGN (0x4)

.ARM.extab      0x08000dd4        0x0
                0x08000dd4                        . = ALIGN (0x4)
 *(.ARM.extab* .gnu.linkonce.armextab.*)
                0x08000dd4                        . = ALIGN (0x4)

.ARM            0x08000dd4        0x8
                0x08000dd4                        . = ALIGN (0x4)
                0x08000dd4                        __exidx_start = .
 *(.ARM.exidx*)
 .ARM.exidx     0x08000dd4        0x8 /Applications/STM32CubeIDE.app/Contents/Eclipse/plugins/com.st.stm32cube.ide.mcu.externaltools.gnu-tools-for-stm32.13.3.rel1.macos64_1.0.0.202411102158/tools/bin/../lib/gcc/arm-none-eabi/13.3.1/../../../../arm-none-eabi/lib/thumb/v8-m.main+fp/hard/libc_nano.a(libc_a-strcmp.o)
                0x08000ddc                        __exidx_end = .
                0x08000ddc                        . = ALIGN (0x4)

.preinit_array  0x08000ddc        0x0
                0x08000ddc                        . = ALIGN (0x4)
                0x08000ddc                        PROVIDE (__preinit_array_start = .)
 *(.preinit_array*)
                0x08000ddc                        PROVIDE (__preinit_array_end = .)
                0x08000ddc                        . = ALIGN (0x4)

.init_array     0x08000ddc        0x4
                0x08000ddc                        . = ALIGN (0x4)
                0x08000ddc                        PROVIDE (__init_array_start = .)
 *(SORT_BY_NAME(.init_array.*))
 *(.init_array*)
 .init_array    0x08000ddc        0x4 /Applications/STM32CubeIDE.app/Contents/Eclipse/plugins/com.st.stm32cube.ide.mcu.externaltools.gnu-tools-for-stm32.13.3.rel1.macos64_1.0.0.202411102158/tools/bin/../lib/gcc/arm-none-eabi/13.3.1/thumb/v8-m.main+fp/hard/crtbegin.o
                0x08000de0                        PROVIDE (__init_array_end = .)
                0x08000de0                        . = ALIGN (0x4)

.fini_array     0x08000de0        0x4
                0x08000de0                        . = ALIGN (0x4)
                [!provide]                        PROVIDE (__fini_array_start = .)
 *(SORT_BY_NAME(.fini_array.*))
 *(.fini_array*)
 .fini_array    0x08000de0        0x4 /Applications/STM32CubeIDE.app/Contents/Eclipse/plugins/com.st.stm32cube.ide.mcu.externaltools.gnu-tools-for-stm32.13.3.rel1.macos64_1.0.0.202411102158/tools/bin/../lib/gcc/arm-none-eabi/13.3.1/thumb/v8-m.main+fp/hard/crtbegin.o
                [!provide]                        PROVIDE (__fini_array_end = .)
                0x08000de4                        . = ALIGN (0x4)
                0x08000de4                        _sidata = LOADADDR (.data)

.rel.dyn        0x08000de4        0x0
 .rel.iplt      0x08000de4        0x0 /Applications/STM32CubeIDE.app/Contents/Eclipse/plugins/com.st.stm32cube.ide.mcu.externaltools.gnu-tools-for-stm32.13.3.rel1.macos64_1.0.0.202411102158/tools/bin/../lib/gcc/arm-none-eabi/13.3.1/thumb/v8-m.main+fp/hard/crtbegin.o

.data           0x20000000        0x0 load address 0x08000de4
                0x20000000                        . = ALIGN (0x4)
                0x20000000                        _sdata = .
 *(.data)
 *(.data*)
 *(.RamFunc)
 *(.RamFunc*)
                0x20000000                        . = ALIGN (0x4)
                0x20000000                        _edata = .

.igot.plt       0x20000000        0x0 load address 0x08000de4
 .igot.plt      0x20000000        0x0 /Applications/STM32CubeIDE.app/Contents/Eclipse/plugins/com.st.stm32cube.ide.mcu.externaltools.gnu-tools-for-stm32.13.3.rel1.macos64_1.0.0.202411102158/tools/bin/../lib/gcc/arm-none-eabi/13.3.1/thumb/v8-m.main+fp/hard/crtbegin.o
                0x20000000                        . = ALIGN (0x4)

.bss            0x20000000      0x378 load address 0x08000de4
                0x20000000                        _sbss = .
                0x20000000                        __bss_start__ = _sbss
 *(.bss)
 .bss           0x20000000       0x1c /Applications/STM32CubeIDE.app/Contents/Eclipse/plugins/com.st.stm32cube.ide.mcu.externaltools.gnu-tools-for-stm32.13.3.rel1.macos64_1.0.0.202411102158/tools/bin/../lib/gcc/arm-none-eabi/13.3.1/thumb/v8-m.main+fp/hard/crtbegin.o
 *(.bss*)
 .bss.g_current_alarm_state
                0x2000001c        0x1 ./Src/main.o
                0x2000001c                g_current_alarm_state
 .bss.g_is_alarm_enabled
                0x2000001d        0x1 ./Src/main.o
                0x2000001d                g_is_alarm_enabled
 *fill*         0x2000001e        0x2 
 .bss.g_keypad_buffer
                0x20000020        0xa ./Src/main.o
                0x20000020                g_keypad_buffer
 *fill*         0x2000002a        0x2 
 .bss.g_keypad_buffer_index
                0x2000002c        0x4 ./Src/main.o
                0x2000002c                g_keypad_buffer_index
 .bss.g_vibration_timestamps
                0x20000030      0x320 ./Src/main.o
                0x20000030                g_vibration_timestamps
 .bss.g_vibration_timestamp_index
                0x20000350        0x4 ./Src/main.o
                0x20000350                g_vibration_timestamp_index
 .bss.g_vibration_irregularity
                0x20000354        0x4 ./Src/main.o
                0x20000354                g_vibration_irregularity
 .bss.g_vibration_timestamp_count
                0x20000358        0x4 ./Src/main.o
                0x20000358                g_vibration_timestamp_count
 .bss.g_acceleration_window_count
                0x2000035c        0x4 ./Src/main.o
                0x2000035c                g_acceleration_window_count
 .bss.g_acceleration_pattern_value
                0x20000360        0x4 ./Src/main.o
                0x20000360                g_acceleration_pattern_value
 .bss.g_raw_accel_data
                0x20000364        0xc ./Src/main.o
                0x20000364                g_raw_accel_data
 .bss.g_system_tick_ms
                0x20000370        0x4 ./Src/main.o
                0x20000370                g_system_tick_ms
 .bss.g_buzzer_active
                0x20000374        0x1 ./Src/main.o
                0x20000374                g_buzzer_active
 .bss.high      0x20000375        0x1 ./Src/main.o
                0x20000375                high
 *(COMMON)
                0x20000378                        . = ALIGN (0x4)
 *fill*         0x20000376        0x2 
                0x20000378                        _ebss = .
                0x20000378                        __bss_end__ = _ebss

._user_heap_stack
                0x20000378      0x600 load address 0x08000de4
                0x20000378                        . = ALIGN (0x8)
                [!provide]                        PROVIDE (end = .)
                0x20000378                        PROVIDE (_end = .)
                0x20000578                        . = (. + _Min_Heap_Size)
 *fill*         0x20000378      0x200 
                0x20000978                        . = (. + _Min_Stack_Size)
 *fill*         0x20000578      0x400 
                0x20000978                        . = ALIGN (0x8)

/DISCARD/
 libc.a(*)
 libm.a(*)
 libgcc.a(*)

.ARM.attributes
                0x00000000       0x36
 *(.ARM.attributes)
 .ARM.attributes
                0x00000000       0x26 /Applications/STM32CubeIDE.app/Contents/Eclipse/plugins/com.st.stm32cube.ide.mcu.externaltools.gnu-tools-for-stm32.13.3.rel1.macos64_1.0.0.202411102158/tools/bin/../lib/gcc/arm-none-eabi/13.3.1/thumb/v8-m.main+fp/hard/crti.o
 .ARM.attributes
                0x00000026       0x38 /Applications/STM32CubeIDE.app/Contents/Eclipse/plugins/com.st.stm32cube.ide.mcu.externaltools.gnu-tools-for-stm32.13.3.rel1.macos64_1.0.0.202411102158/tools/bin/../lib/gcc/arm-none-eabi/13.3.1/thumb/v8-m.main+fp/hard/crtbegin.o
 .ARM.attributes
                0x0000005e       0x3a ./Src/main.o
 .ARM.attributes
                0x00000098       0x24 ./Startup/startup_stm32l552zetxq.o
 .ARM.attributes
                0x000000bc       0x38 /Applications/STM32CubeIDE.app/Contents/Eclipse/plugins/com.st.stm32cube.ide.mcu.externaltools.gnu-tools-for-stm32.13.3.rel1.macos64_1.0.0.202411102158/tools/bin/../lib/gcc/arm-none-eabi/13.3.1/../../../../arm-none-eabi/lib/thumb/v8-m.main+fp/hard/libc_nano.a(libc_a-init.o)
 .ARM.attributes
                0x000000f4       0x24 /Applications/STM32CubeIDE.app/Contents/Eclipse/plugins/com.st.stm32cube.ide.mcu.externaltools.gnu-tools-for-stm32.13.3.rel1.macos64_1.0.0.202411102158/tools/bin/../lib/gcc/arm-none-eabi/13.3.1/../../../../arm-none-eabi/lib/thumb/v8-m.main+fp/hard/libc_nano.a(libc_a-strcmp.o)
 .ARM.attributes
                0x00000118       0x26 /Applications/STM32CubeIDE.app/Contents/Eclipse/plugins/com.st.stm32cube.ide.mcu.externaltools.gnu-tools-for-stm32.13.3.rel1.macos64_1.0.0.202411102158/tools/bin/../lib/gcc/arm-none-eabi/13.3.1/thumb/v8-m.main+fp/hard/crtn.o
OUTPUT(Deneme1.elf elf32-littlearm)
LOAD linker stubs
LOAD /Applications/STM32CubeIDE.app/Contents/Eclipse/plugins/com.st.stm32cube.ide.mcu.externaltools.gnu-tools-for-stm32.13.3.rel1.macos64_1.0.0.202411102158/tools/bin/../lib/gcc/arm-none-eabi/13.3.1/../../../../arm-none-eabi/lib/thumb/v8-m.main+fp/hard/libc.a
LOAD /Applications/STM32CubeIDE.app/Contents/Eclipse/plugins/com.st.stm32cube.ide.mcu.externaltools.gnu-tools-for-stm32.13.3.rel1.macos64_1.0.0.202411102158/tools/bin/../lib/gcc/arm-none-eabi/13.3.1/../../../../arm-none-eabi/lib/thumb/v8-m.main+fp/hard/libm.a
LOAD /Applications/STM32CubeIDE.app/Contents/Eclipse/plugins/com.st.stm32cube.ide.mcu.externaltools.gnu-tools-for-stm32.13.3.rel1.macos64_1.0.0.202411102158/tools/bin/../lib/gcc/arm-none-eabi/13.3.1/thumb/v8-m.main+fp/hard/libgcc.a

.debug_info     0x00000000      0x942
 .debug_info    0x00000000      0x912 ./Src/main.o
 .debug_info    0x00000912       0x30 ./Startup/startup_stm32l552zetxq.o

.debug_abbrev   0x00000000      0x272
 .debug_abbrev  0x00000000      0x24e ./Src/main.o
 .debug_abbrev  0x0000024e       0x24 ./Startup/startup_stm32l552zetxq.o

.debug_aranges  0x00000000      0x108
 .debug_aranges
                0x00000000       0xe0 ./Src/main.o
 .debug_aranges
                0x000000e0       0x28 ./Startup/startup_stm32l552zetxq.o

.debug_rnglists
                0x00000000       0xd0
 .debug_rnglists
                0x00000000       0xb7 ./Src/main.o
 .debug_rnglists
                0x000000b7       0x19 ./Startup/startup_stm32l552zetxq.o

.debug_macro    0x00000000     0x1d2a
 .debug_macro   0x00000000      0x274 ./Src/main.o
 .debug_macro   0x00000274      0xaea ./Src/main.o
 .debug_macro   0x00000d5e       0x22 ./Src/main.o
 .debug_macro   0x00000d80       0x5b ./Src/main.o
 .debug_macro   0x00000ddb       0x2a ./Src/main.o
 .debug_macro   0x00000e05       0x94 ./Src/main.o
 .debug_macro   0x00000e99       0x43 ./Src/main.o
 .debug_macro   0x00000edc       0x34 ./Src/main.o
 .debug_macro   0x00000f10       0x16 ./Src/main.o
 .debug_macro   0x00000f26       0x57 ./Src/main.o
 .debug_macro   0x00000f7d       0x9e ./Src/main.o
 .debug_macro   0x0000101b      0x370 ./Src/main.o
 .debug_macro   0x0000138b      0x112 ./Src/main.o
 .debug_macro   0x0000149d       0x10 ./Src/main.o
 .debug_macro   0x000014ad       0x16 ./Src/main.o
 .debug_macro   0x000014c3       0x4a ./Src/main.o
 .debug_macro   0x0000150d       0x34 ./Src/main.o
 .debug_macro   0x00001541       0x10 ./Src/main.o
 .debug_macro   0x00001551       0x58 ./Src/main.o
 .debug_macro   0x000015a9       0x8e ./Src/main.o
 .debug_macro   0x00001637       0x1c ./Src/main.o
 .debug_macro   0x00001653      0x185 ./Src/main.o
 .debug_macro   0x000017d8       0x16 ./Src/main.o
 .debug_macro   0x000017ee       0x16 ./Src/main.o
 .debug_macro   0x00001804      0x146 ./Src/main.o
 .debug_macro   0x0000194a      0x103 ./Src/main.o
 .debug_macro   0x00001a4d       0x6a ./Src/main.o
 .debug_macro   0x00001ab7      0x1df ./Src/main.o
 .debug_macro   0x00001c96       0x22 ./Src/main.o
 .debug_macro   0x00001cb8       0x16 ./Src/main.o
 .debug_macro   0x00001cce       0x3c ./Src/main.o
 .debug_macro   0x00001d0a       0x20 ./Src/main.o

.debug_line     0x00000000      0xc61
 .debug_line    0x00000000      0xbe6 ./Src/main.o
 .debug_line    0x00000be6       0x7b ./Startup/startup_stm32l552zetxq.o

.debug_str      0x00000000     0x8307
 .debug_str     0x00000000     0x8307 ./Src/main.o
                               0x84d9 (size before relaxing)
 .debug_str     0x00008307       0x82 ./Startup/startup_stm32l552zetxq.o

.comment        0x00000000       0x43
 .comment       0x00000000       0x43 ./Src/main.o
                                 0x44 (size before relaxing)

.debug_frame    0x00000000      0x3a8
 .debug_frame   0x00000000      0x35c ./Src/main.o
 .debug_frame   0x0000035c       0x2c /Applications/STM32CubeIDE.app/Contents/Eclipse/plugins/com.st.stm32cube.ide.mcu.externaltools.gnu-tools-for-stm32.13.3.rel1.macos64_1.0.0.202411102158/tools/bin/../lib/gcc/arm-none-eabi/13.3.1/../../../../arm-none-eabi/lib/thumb/v8-m.main+fp/hard/libc_nano.a(libc_a-init.o)
 .debug_frame   0x00000388       0x20 /Applications/STM32CubeIDE.app/Contents/Eclipse/plugins/com.st.stm32cube.ide.mcu.externaltools.gnu-tools-for-stm32.13.3.rel1.macos64_1.0.0.202411102158/tools/bin/../lib/gcc/arm-none-eabi/13.3.1/../../../../arm-none-eabi/lib/thumb/v8-m.main+fp/hard/libc_nano.a(libc_a-strcmp.o)

.debug_line_str
                0x00000000       0x66
 .debug_line_str
                0x00000000       0x66 ./Startup/startup_stm32l552zetxq.o
